select pgv_free();
 pgv_free 
----------
 
(1 row)

------------------------------
-- Non-transactional variables
------------------------------
select pgv_set('vars', 'int1', 101);
 pgv_set 
---------
 
(1 row)

begin;
	select pgv_set('vars', 'int2', 102);
 pgv_set 
---------
 
(1 row)

	begin autonomous;
		select pgv_set('vars', 'int3', 103);
 pgv_set 
---------
 
(1 row)

-- 101, 102, 103:
		select pgv_get('vars', 'int1', null::int), pgv_get('vars', 'int2', null::int), pgv_get('vars', 'int3', null::int);
 pgv_get | pgv_get | pgv_get 
---------+---------+---------
     101 |     102 |     103
(1 row)

		select pgv_set('vars', 'int1', 1001);
 pgv_set 
---------
 
(1 row)

		begin autonomous;
-- 1001, 102, 103:
			select pgv_get('vars', 'int1', null::int), pgv_get('vars', 'int2', null::int), pgv_get('vars', 'int3', null::int);
 pgv_get | pgv_get | pgv_get 
---------+---------+---------
    1001 |     102 |     103
(1 row)

			select pgv_set('vars', 'int2', 1002);
 pgv_set 
---------
 
(1 row)

		commit;
	commit;
-- 1001, 1002, 103:
	select pgv_get('vars', 'int1', null::int), pgv_get('vars', 'int2', null::int), pgv_get('vars', 'int3', null::int);
 pgv_get | pgv_get | pgv_get 
---------+---------+---------
    1001 |    1002 |     103
(1 row)

	select pgv_set('vars', 'int3', 1003);
 pgv_set 
---------
 
(1 row)

rollback;
-- 1001, 1002, 1003:
select pgv_get('vars', 'int1', null::int), pgv_get('vars', 'int2', null::int), pgv_get('vars', 'int3', null::int);
 pgv_get | pgv_get | pgv_get 
---------+---------+---------
    1001 |    1002 |    1003
(1 row)

-- vars:int1, vars:int2, vars:int3:
select * from pgv_list() order by package, name;
 package | name | is_transactional 
---------+------+------------------
 vars    | int1 | f
 vars    | int2 | f
 vars    | int3 | f
(3 rows)

select pgv_free();
 pgv_free 
----------
 
(1 row)

--------------------------
-- Transactional variables
--------------------------
select pgv_set('vars', 'int1', 101, true);
 pgv_set 
---------
 
(1 row)

begin;
	select pgv_set('vars', 'int2', 102, true);
 pgv_set 
---------
 
(1 row)

	begin autonomous;
		select pgv_set('vars', 'int3', 103, true);
 pgv_set 
---------
 
(1 row)

-- 103:
		select pgv_get('vars', 'int3', null::int);
 pgv_get 
---------
     103
(1 row)

		begin autonomous;
			select pgv_set('vars', 'int2', 1002, true);
 pgv_set 
---------
 
(1 row)

-- 1002:
			select pgv_get('vars', 'int2', null::int);
 pgv_get 
---------
    1002
(1 row)

		commit;
-- 103:
		select pgv_get('vars', 'int3', null::int);
 pgv_get 
---------
     103
(1 row)

	commit;
	select pgv_set('vars', 'int1', 1001, true);
 pgv_set 
---------
 
(1 row)

-- 1001:
	select pgv_get('vars', 'int1', null::int);
 pgv_get 
---------
    1001
(1 row)

-- 102:
	select pgv_get('vars', 'int2', null::int);
 pgv_get 
---------
     102
(1 row)

rollback;
-- 101:
select pgv_get('vars', 'int1', null::int);
 pgv_get 
---------
     101
(1 row)

-- vars:int1:
select * from pgv_list() order by package, name;
 package | name | is_transactional 
---------+------+------------------
 vars    | int1 | t
(1 row)

select pgv_free();
 pgv_free 
----------
 
(1 row)

----------
-- Cursors
----------
select pgv_insert('test', 'x', row (1::int, 2::int), false);
 pgv_insert 
------------
 
(1 row)

select pgv_insert('test', 'x', row (2::int, 3::int), false);
 pgv_insert 
------------
 
(1 row)

select pgv_insert('test', 'x', row (3::int, 4::int), false);
 pgv_insert 
------------
 
(1 row)

select pgv_insert('test', 'y', row (10::int, 20::int), true);
 pgv_insert 
------------
 
(1 row)

select pgv_insert('test', 'y', row (20::int, 30::int), true);
 pgv_insert 
------------
 
(1 row)

select pgv_insert('test', 'y', row (30::int, 40::int), true);
 pgv_insert 
------------
 
(1 row)

begin;
	declare r1_cur cursor for select pgv_select('test', 'x');
	begin autonomous;
		begin autonomous;
			begin autonomous;
				begin autonomous;
					begin autonomous;
						select pgv_insert('test', 'z', row (11::int, 22::int), false);
 pgv_insert 
------------
 
(1 row)

						select pgv_insert('test', 'z', row (22::int, 33::int), false);
 pgv_insert 
------------
 
(1 row)

						select pgv_insert('test', 'z', row (33::int, 44::int), false);
 pgv_insert 
------------
 
(1 row)

						declare r11_cur cursor for select pgv_select('test', 'x');
-- (1,2),(2,3):
						fetch 2 in r11_cur;
 pgv_select 
------------
 (1,2)
 (2,3)
(2 rows)

						declare r2_cur cursor for select pgv_select('test', 'y');
-- correct error: unrecognized variable "y"
						fetch 2 in r2_cur;
ERROR:  unrecognized variable "y"
					rollback;
				rollback;
			rollback;
		rollback;
	rollback;
	declare r2_cur cursor for select pgv_select('test', 'y');
	declare r3_cur cursor for select pgv_select('test', 'z');
-- (1,2),(2,3):
	fetch 2 in r1_cur;
 pgv_select 
------------
 (1,2)
 (2,3)
(2 rows)

-- (10,20),(20,30):
	fetch 2 in r2_cur;
 pgv_select 
------------
 (10,20)
 (20,30)
(2 rows)

-- (11,22),(22,33):
	fetch 2 in r3_cur;
 pgv_select 
------------
 (11,22)
 (22,33)
(2 rows)

rollback;
select pgv_free();
 pgv_free 
----------
 
(1 row)

------------------------------------------
-- Savepoint: rollback in main transaction
------------------------------------------
begin;
	select pgv_set('vars', 'trans_int', 101, true);
 pgv_set 
---------
 
(1 row)

-- 101:
	select pgv_get('vars', 'trans_int', null::int);
 pgv_get 
---------
     101
(1 row)

	savepoint sp1;
	select pgv_set('vars', 'trans_int', 102, true);
 pgv_set 
---------
 
(1 row)

-- 102:
	select pgv_get('vars', 'trans_int', null::int);
 pgv_get 
---------
     102
(1 row)

	begin autonomous;
		select pgv_set('vars', 'trans_int', 103, true);
 pgv_set 
---------
 
(1 row)

-- 103:
		select pgv_get('vars', 'trans_int', null::int);
 pgv_get 
---------
     103
(1 row)

	commit;
-- 102:
	select pgv_get('vars', 'trans_int', null::int);
 pgv_get 
---------
     102
(1 row)

	rollback to sp1;
commit;
-- 101:
select pgv_get('vars', 'trans_int', null::int);
 pgv_get 
---------
     101
(1 row)

select pgv_free();
 pgv_free 
----------
 
(1 row)

------------------------------------------------
-- Savepoint: rollback in autonomous transaction
------------------------------------------------
begin;
	select pgv_set('vars', 'trans_int', 1, true);
 pgv_set 
---------
 
(1 row)

	savepoint sp1;
	select pgv_set('vars', 'trans_int', 100, true);
 pgv_set 
---------
 
(1 row)

	begin autonomous;
		begin autonomous;
			select pgv_set('vars1', 'int1', 2);
 pgv_set 
---------
 
(1 row)

			select pgv_set('vars1', 'trans_int1', 3, true);
 pgv_set 
---------
 
(1 row)

			savepoint sp2;
			select pgv_set('vars1', 'trans_int1', 4, true);
 pgv_set 
---------
 
(1 row)

-- 2
			select pgv_get('vars1', 'int1', null::int);
 pgv_get 
---------
       2
(1 row)

-- 4
			select pgv_get('vars1', 'trans_int1', null::int);
 pgv_get 
---------
       4
(1 row)

			rollback to sp2;
-- 3
			select pgv_get('vars1', 'trans_int1', null::int);
 pgv_get 
---------
       3
(1 row)

-- vars1:int1, vars1:trans_int1:
			select * from pgv_list() order by package, name;
 package |    name    | is_transactional 
---------+------------+------------------
 vars1   | int1       | f
 vars1   | trans_int1 | t
(2 rows)

			select pgv_set('vars1', 'trans_int2', 4, true);
 pgv_set 
---------
 
(1 row)

			select pgv_set('vars1', 'trans_int3', 5, true);
 pgv_set 
---------
 
(1 row)

			select pgv_set('vars1', 'int2', 3);
 pgv_set 
---------
 
(1 row)

		rollback;
	commit;
	rollback to sp1;
-- 1
	select pgv_get('vars', 'trans_int', null::int);
 pgv_get 
---------
       1
(1 row)

-- 2
	select pgv_get('vars1', 'int1', null::int);
 pgv_get 
---------
       2
(1 row)

-- 3
	select pgv_get('vars1', 'int2', null::int);
 pgv_get 
---------
       3
(1 row)

-- vars:trans_int, vars1:int1, vars1:int2:
	select * from pgv_list() order by package, name;
 package |   name    | is_transactional 
---------+-----------+------------------
 vars    | trans_int | t
 vars1   | int1      | f
 vars1   | int2      | f
(3 rows)

commit;
select pgv_free();
 pgv_free 
----------
 
(1 row)

------------------------------------------------------------
-- Sample with (subxact inside ATX) == (subxact outside ATX)
------------------------------------------------------------
select pgv_set('vars1', 'int1', 0);
 pgv_set 
---------
 
(1 row)

select pgv_set('vars1', 'trans_int1', 0, true);
 pgv_set 
---------
 
(1 row)

begin;
	begin autonomous;
		select pgv_set('vars1', 'int1', 1);
 pgv_set 
---------
 
(1 row)

		select pgv_set('vars1', 'trans_int1', 2, true);
 pgv_set 
---------
 
(1 row)

		savepoint sp2;
		select pgv_set('vars1', 'trans_int1', 3, true);
 pgv_set 
---------
 
(1 row)

		rollback to sp2;
-- 2
		select pgv_get('vars1', 'trans_int1', null::int);
 pgv_get 
---------
       2
(1 row)

	commit;
rollback;
-- vars1:int1, vars1:trans_int1
select * from pgv_list() order by package, name;
 package |    name    | is_transactional 
---------+------------+------------------
 vars1   | int1       | f
 vars1   | trans_int1 | t
(2 rows)

-- 1
select pgv_get('vars1', 'int1', null::int);
 pgv_get 
---------
       1
(1 row)

-- 0
select pgv_get('vars1', 'trans_int1', null::int);
 pgv_get 
---------
       0
(1 row)

select pgv_free();
 pgv_free 
----------
 
(1 row)

