--
-- PGPRO-7614: function pgv_free() inside autonomous transaction
--
SELECT pgv_free();
 pgv_free 
----------
 
(1 row)

--
--
-- Functions pgv_free() + pgv_get() inside autonomous transaction; package
-- with regular variable; autonomous transaction with commit.
--
BEGIN;
	SELECT pgv_set('vars', 'int1', 1);
 pgv_set 
---------
 
(1 row)

	BEGIN AUTONOMOUS;
ERROR:  syntax error at or near "AUTONOMOUS"
LINE 1: BEGIN AUTONOMOUS;
              ^
		SELECT pgv_get('vars', 'int1', null::int);
ERROR:  current transaction is aborted, commands ignored until end of transaction block
		SELECT pgv_free();
ERROR:  current transaction is aborted, commands ignored until end of transaction block
-- ERROR:  unrecognized package "vars"
		SELECT pgv_get('vars', 'int1', null::int);
ERROR:  current transaction is aborted, commands ignored until end of transaction block
	COMMIT;
-- ERROR:  unrecognized package "vars"
	SELECT pgv_get('vars', 'int1', null::int);
 pgv_get 
---------
       1
(1 row)

ROLLBACK;
WARNING:  there is no transaction in progress
--
--
-- Function pgv_free() inside autonomous transaction; package with
-- regular variable; autonomous transaction with commit.
--
BEGIN;
	SELECT pgv_set('vars', 'int1', 1);
 pgv_set 
---------
 
(1 row)

	BEGIN AUTONOMOUS;
ERROR:  syntax error at or near "AUTONOMOUS"
LINE 1: BEGIN AUTONOMOUS;
              ^
		SELECT pgv_free();
ERROR:  current transaction is aborted, commands ignored until end of transaction block
	COMMIT;
-- ERROR:  unrecognized package "vars"
	SELECT pgv_get('vars', 'int1', null::int);
 pgv_get 
---------
       1
(1 row)

ROLLBACK;
WARNING:  there is no transaction in progress
--
--
-- Function pgv_free() inside autonomous transaction; package with
-- regular variable; autonomous transaction with rollback.
--
BEGIN;
	SELECT pgv_set('vars', 'int1', 1);
 pgv_set 
---------
 
(1 row)

	BEGIN AUTONOMOUS;
ERROR:  syntax error at or near "AUTONOMOUS"
LINE 1: BEGIN AUTONOMOUS;
              ^
		SELECT pgv_free();
ERROR:  current transaction is aborted, commands ignored until end of transaction block
	ROLLBACK;
-- ERROR:  unrecognized package "vars"
	SELECT pgv_get('vars', 'int1', null::int);
 pgv_get 
---------
       1
(1 row)

ROLLBACK;
WARNING:  there is no transaction in progress
--
--
-- Function pgv_free() inside autonomous transaction; package with
-- transactional variable; autonomous transaction with rollback.
--
BEGIN;
	SELECT pgv_set('vars', 'int1', 1, true);
ERROR:  variable "int1" already created as NOT TRANSACTIONAL
	BEGIN AUTONOMOUS;
ERROR:  syntax error at or near "AUTONOMOUS"
LINE 1: BEGIN AUTONOMOUS;
              ^
		SELECT pgv_free();
ERROR:  current transaction is aborted, commands ignored until end of transaction block
	ROLLBACK;
	SELECT pgv_get('vars', 'int1', null::int);
 pgv_get 
---------
       1
(1 row)

ROLLBACK;
WARNING:  there is no transaction in progress
--
--
-- Function pgv_free() inside autonomous transaction; package with
-- transactional variable; autonomous transaction with commit.
--
BEGIN;
	SELECT pgv_set('vars', 'int1', 1, true);
ERROR:  variable "int1" already created as NOT TRANSACTIONAL
	BEGIN AUTONOMOUS;
ERROR:  syntax error at or near "AUTONOMOUS"
LINE 1: BEGIN AUTONOMOUS;
              ^
		SELECT pgv_free();
ERROR:  current transaction is aborted, commands ignored until end of transaction block
	COMMIT;
-- ERROR:  unrecognized package "vars"
	SELECT pgv_get('vars', 'int1', null::int);
 pgv_get 
---------
       1
(1 row)

ROLLBACK;
WARNING:  there is no transaction in progress
--
--
-- Function pgv_free() inside recursive autonomous transactions.
--
BEGIN;
	BEGIN AUTONOMOUS;
ERROR:  syntax error at or near "AUTONOMOUS"
LINE 1: BEGIN AUTONOMOUS;
              ^
		SELECT pgv_set('vars', 'int1', 1);
ERROR:  current transaction is aborted, commands ignored until end of transaction block
		BEGIN AUTONOMOUS;
ERROR:  syntax error at or near "AUTONOMOUS"
LINE 1: BEGIN AUTONOMOUS;
              ^
			BEGIN AUTONOMOUS;
ERROR:  syntax error at or near "AUTONOMOUS"
LINE 1: BEGIN AUTONOMOUS;
              ^
				SELECT pgv_free();
ERROR:  current transaction is aborted, commands ignored until end of transaction block
			COMMIT;
-- ERROR:  unrecognized package "vars"
			SELECT pgv_get('vars', 'int1', null::int);
 pgv_get 
---------
       1
(1 row)

		COMMIT;
WARNING:  there is no transaction in progress
-- ERROR:  unrecognized package "vars"
		SELECT pgv_get('vars', 'int1', null::int);
 pgv_get 
---------
       1
(1 row)

	COMMIT;
WARNING:  there is no transaction in progress
ROLLBACK;
WARNING:  there is no transaction in progress
--
--
-- Function pgv_free() inside recursive autonomous transactions;
-- recreating the package after deletion with using regular
-- variable.
--
BEGIN;
	SELECT pgv_set('vars', 'int1', 1);
 pgv_set 
---------
 
(1 row)

	BEGIN AUTONOMOUS;
ERROR:  syntax error at or near "AUTONOMOUS"
LINE 1: BEGIN AUTONOMOUS;
              ^
		BEGIN AUTONOMOUS;
ERROR:  syntax error at or near "AUTONOMOUS"
LINE 1: BEGIN AUTONOMOUS;
              ^
			SELECT pgv_get('vars', 'int1', null::int);
ERROR:  current transaction is aborted, commands ignored until end of transaction block
			BEGIN AUTONOMOUS;
ERROR:  syntax error at or near "AUTONOMOUS"
LINE 1: BEGIN AUTONOMOUS;
              ^
				SELECT pgv_free();
ERROR:  current transaction is aborted, commands ignored until end of transaction block
			COMMIT;
-- ERROR:  unrecognized package "vars"
			SELECT pgv_get('vars', 'int1', null::int);
 pgv_get 
---------
       1
(1 row)

		COMMIT;
WARNING:  there is no transaction in progress
		SELECT pgv_set('vars', 'int1', 2);
 pgv_set 
---------
 
(1 row)

	COMMIT;
WARNING:  there is no transaction in progress
	SELECT pgv_get('vars', 'int1', null::int);
 pgv_get 
---------
       2
(1 row)

ROLLBACK;
WARNING:  there is no transaction in progress
--
--
-- Function pgv_free() inside recursive autonomous transactions;
-- recreating the package after deletion with using transactional
-- variable.
--
BEGIN;
	SELECT pgv_set('vars', 'int1', 1);
 pgv_set 
---------
 
(1 row)

	BEGIN AUTONOMOUS;
ERROR:  syntax error at or near "AUTONOMOUS"
LINE 1: BEGIN AUTONOMOUS;
              ^
		BEGIN AUTONOMOUS;
ERROR:  syntax error at or near "AUTONOMOUS"
LINE 1: BEGIN AUTONOMOUS;
              ^
			SELECT pgv_get('vars', 'int1', null::int);
ERROR:  current transaction is aborted, commands ignored until end of transaction block
			BEGIN AUTONOMOUS;
ERROR:  syntax error at or near "AUTONOMOUS"
LINE 1: BEGIN AUTONOMOUS;
              ^
				SELECT pgv_free();
ERROR:  current transaction is aborted, commands ignored until end of transaction block
			COMMIT;
-- ERROR:  unrecognized package "vars"
			SELECT pgv_get('vars', 'int1', null::int);
 pgv_get 
---------
       1
(1 row)

		COMMIT;
WARNING:  there is no transaction in progress
		SELECT pgv_set('vars', 'int1', 2, true);
ERROR:  variable "int1" already created as NOT TRANSACTIONAL
		SELECT pgv_list();
   pgv_list    
---------------
 (vars,int1,f)
(1 row)

	COMMIT;
WARNING:  there is no transaction in progress
-- ERROR:  unrecognized package "vars"
	SELECT pgv_get('vars', 'int1', null::int);
 pgv_get 
---------
       1
(1 row)

ROLLBACK;
WARNING:  there is no transaction in progress
--
--
-- Test for case: do not free hash_seq_search scans of parent transaction
-- at end of the autonomous transaction.
--
BEGIN;
	SELECT pgv_insert('test', 'x', row (1::int, 2::int), false);
 pgv_insert 
------------
 
(1 row)

	SELECT pgv_insert('test', 'x', row (3::int, 4::int), false);
 pgv_insert 
------------
 
(1 row)

	DECLARE r1_cur CURSOR FOR SELECT pgv_select('test', 'x');
-- (1,2)
	FETCH 1 IN r1_cur;
 pgv_select 
------------
 (1,2)
(1 row)

	BEGIN AUTONOMOUS;
ERROR:  syntax error at or near "AUTONOMOUS"
LINE 1: BEGIN AUTONOMOUS;
              ^
	ROLLBACK;
-- (3,4)
	FETCH 1 IN r1_cur;
ERROR:  cursor "r1_cur" does not exist
	SELECT pgv_remove('test', 'x');
 pgv_remove 
------------
 
(1 row)

-- ERROR:  unrecognized package "test"
	FETCH 1 IN r1_cur;
ERROR:  cursor "r1_cur" does not exist
ROLLBACK;
WARNING:  there is no transaction in progress
--
--
-- Test for case: pgv_free() should free hash_seq_search scans of all
-- (current ATX + parent) transactions.
--
BEGIN;
	SELECT pgv_insert('test', 'x', row (1::int, 2::int), false);
 pgv_insert 
------------
 
(1 row)

	DECLARE r1_cur CURSOR FOR SELECT pgv_select('test', 'x');
-- (1,2)
	FETCH 1 IN r1_cur;
 pgv_select 
------------
 (1,2)
(1 row)

	BEGIN AUTONOMOUS;
ERROR:  syntax error at or near "AUTONOMOUS"
LINE 1: BEGIN AUTONOMOUS;
              ^
		SELECT pgv_free();
ERROR:  current transaction is aborted, commands ignored until end of transaction block
	ROLLBACK;
-- ERROR:  unrecognized package "test"
	FETCH 1 IN r1_cur;
ERROR:  cursor "r1_cur" does not exist
ROLLBACK;
WARNING:  there is no transaction in progress
--
--
-- Test for case: pgv_set() created a regular variable; rollback
-- removes package state and creates a new state to make package valid.
-- Commit of next autonomous transaction should not replace this new
-- state (this is not allowed for autonomous transaction).
--
BEGIN;
	BEGIN AUTONOMOUS;
ERROR:  syntax error at or near "AUTONOMOUS"
LINE 1: BEGIN AUTONOMOUS;
              ^
		SELECT pgv_set('vars', 'int1', 1);
ERROR:  current transaction is aborted, commands ignored until end of transaction block
	ROLLBACK;
	BEGIN AUTONOMOUS;
ERROR:  syntax error at or near "AUTONOMOUS"
LINE 1: BEGIN AUTONOMOUS;
              ^
		SELECT pgv_set('vars', 'int1', 2);
 pgv_set 
---------
 
(1 row)

	COMMIT;
WARNING:  there is no transaction in progress
ROLLBACK;
WARNING:  there is no transaction in progress
SELECT pgv_remove('vars', 'int1');
 pgv_remove 
------------
 
(1 row)

--
--
-- Test for case: pgv_set() created a regular variable and package with
-- (atxlevel=1, level=1). COMMIT changes this level to (atxlevel=1, level=0).
-- In the next autonomous transaction (atxlevel=1, level=1) we erroneously
-- detect that the package changed in upper transaction and remove the
-- package state (this is not allowed for autonomous transaction).
--
BEGIN;
	BEGIN AUTONOMOUS;
ERROR:  syntax error at or near "AUTONOMOUS"
LINE 1: BEGIN AUTONOMOUS;
              ^
		SELECT pgv_set('vars', 'int1', 2);
ERROR:  current transaction is aborted, commands ignored until end of transaction block
	COMMIT;
	BEGIN AUTONOMOUS;
ERROR:  syntax error at or near "AUTONOMOUS"
LINE 1: BEGIN AUTONOMOUS;
              ^
		SELECT pgv_free();
 pgv_free 
----------
 
(1 row)

		SELECT pgv_set('vars', 'int1', 2, true);
 pgv_set 
---------
 
(1 row)

	COMMIT;
WARNING:  there is no transaction in progress
ROLLBACK;
WARNING:  there is no transaction in progress
--
--
-- Test for case: pgv_set() created a regular variable and package with
-- (atxlevel=1, level=1). ROLLBACK changes this level to (atxlevel=0, level=0).
-- But ROLLBACK shouldn't change atxlevel in case rollback of sub-transaction.
--
BEGIN;
	BEGIN AUTONOMOUS;
ERROR:  syntax error at or near "AUTONOMOUS"
LINE 1: BEGIN AUTONOMOUS;
              ^
		SAVEPOINT sp1;
ERROR:  current transaction is aborted, commands ignored until end of transaction block
		SELECT pgv_set('vars1', 'int1', 0);
ERROR:  current transaction is aborted, commands ignored until end of transaction block
		ROLLBACK TO sp1;
ERROR:  savepoint "sp1" does not exist
	COMMIT;
ROLLBACK;
WARNING:  there is no transaction in progress
SELECT pgv_remove('vars1', 'int1');
ERROR:  unrecognized package "vars1"
SELECT pgv_free();
 pgv_free 
----------
 
(1 row)

--
--
-- PGPRO-7856
-- Test for case: we don't remove the package object without any variables at
-- the end of autonomous transaction but need to move the state of this object
-- to upper level.
--
BEGIN;
	BEGIN AUTONOMOUS;
ERROR:  syntax error at or near "AUTONOMOUS"
LINE 1: BEGIN AUTONOMOUS;
              ^
		SAVEPOINT sp1;
ERROR:  current transaction is aborted, commands ignored until end of transaction block
		SELECT pgv_set('vars2', 'any1', 'variable exists'::text, true);
ERROR:  current transaction is aborted, commands ignored until end of transaction block
		SELECT pgv_free();
ERROR:  current transaction is aborted, commands ignored until end of transaction block
		RELEASE sp1;
ERROR:  current transaction is aborted, commands ignored until end of transaction block
	ROLLBACK;
	BEGIN AUTONOMOUS;
ERROR:  syntax error at or near "AUTONOMOUS"
LINE 1: BEGIN AUTONOMOUS;
              ^
		SAVEPOINT sp2;
ERROR:  SAVEPOINT can only be used in transaction blocks
		SAVEPOINT sp3;
ERROR:  SAVEPOINT can only be used in transaction blocks
		SELECT pgv_free();
 pgv_free 
----------
 
(1 row)

	COMMIT;
WARNING:  there is no transaction in progress
ROLLBACK;
WARNING:  there is no transaction in progress
